// Jest Snapshot v1, https://goo.gl/fbAQLP

exports[`Header renders correctly 1`] = `
<nav
  className="navbar navbar-expand navbar-dark bg-dark"
>
  <div
    className="container"
  >
    <span
      className="navbar-brand"
    >
      Broccoli & Co
    </span>
  </div>
</nav>
`;
